# Live proof — Implement the status-item menu with History Search and the Settings window (issue #53)
# Branch menu-settings. macOS 26.6.2. Installed app ~/Applications/JevPaste.app, signed jevpaste-dev.
# Only synthetic rows JEVPASTE-MENU-53 (2 lines, …@example.org) and JEVPASTE-MENU-53-LATER (2 lines, …@example.net).
# No key, no clipboard text, no window titles in this log. Log lines: subsystem jevpaste, process JevPaste.

## Keychain attempt (superseded, 2026-09-27)
09:25:03 install #1 (Keychain store)  key import imported · launch provider=vercelAIGateway apiKeyPresent=true
09:26:10 install #2 (rebuild, new cdhash)  securityd: "ACL partition mismatch: client cdhash:<new>",
         "asking user about XARA partition", "displaying keychain prompt for …/JevPaste.app"
09:26:19 securityd: "user approved 'allow'" (Daniel) · item partition_id still only the creator's cdhash
Decision (Daniel): keys in user-only files, not the Keychain (self-signed identity, no Team ID → prompt per rebuild).

## Key store = files (commit b85af33)
09:37:56 install #1 (import flag reset)  key for vercelAIGateway stored · key import imported ·
         launch provider=vercelAIGateway apiKeyPresent=true · grant check at launch trusted=true
         ~/.config/jevpaste/keys drwx------ · keys/vercelAIGateway -rw------- · securityd prompt lines: 0
09:38:32 install #2 (rebuild)  key import alreadyDone · launch provider=vercelAIGateway apiKeyPresent=true ·
         securityd prompt lines: 0
History file after first launch of the slice: user_version=2, rows kept, rows without copy time = rows from v1.

## Staging
clipboard vault saved (0600): items=1 sha256=b1348553fec3
pbcopy MENU-53 → newest row copy_sequence=266, text matches, copied_at set
pbcopy MENU-53-LATER → newest row copy_sequence=267 (Active Item), MENU-53 at 266
Chrome: one own tab (data: page, one labelled input)

## Daniel, part 1 (relayed by the supervisor)
(a) done on the second try: the first ⌘⇧V pasted the LATER row's email because (a) was not finished — LATER was
    still the Active Item (correct); after the row was chosen, ⌘⇧V pasted the MENU-53 row's email.
(b) done.
(g) verbatim: "Auto-hiding menu bar and menu still functioning works."
Design fixes asked from his screenshots: Settings tabs without a consistent content inset; History Search too wide.

## Design fixes (commit c8bf63e)
Settings: every tab's content and footer inset 20 pt (page 620 pt, content 580 pt); Full History list style plain,
its row backgrounds start at the inset like the footer. History Search panel width 420 → 320 pt (420 was the
prototype's constant), rows truncate with an ellipsis. Checked with offscreen renders (not committed).
clipboard restored from vault before relaunch: items=1 sha256=b1348553fec3 matches=true
09:49:28 reinstall  key import alreadyDone · launch provider=vercelAIGateway apiKeyPresent=true · trusted=true

## Daniel, part 2 (relayed by the supervisor; every step reconciled from the log/DB)
General + History Search panel after c8bf63e, Daniel: "amazing".
(c) 10:02:30 test vercelAIGateway started · Jev answered status=200 questions=1 options=1 · test vercelAIGateway works
(d) 10:03:22 key for vercelAIGateway removed · 10:03:37 and 10:04:08 outcome refused.noProviderKey ·
    10:04:09 missing key clicked, opening Settings · Settings opened at key(vercelAIGateway)
    (10:03:11 removed / 10:03:18 stored = an earlier edit of the field before the final clear)
    A row containing the provider key was captured by the user's own copy and deleted by the user (below).
(f) 10:07:35 and 10:08:00 full history deleted one item (HistoryStore deleted 1 item, twice): the key row and the
    MENU-53-LATER row. Rows 171 → 169. SQL: MENU-53-LATER absent, MENU-53 present (seq 266), 0 rows equal the
    provider key (hash compare over all rows, nothing printed). Clear History… → Cancel: no clear line, count unchanged.
Key restore (method agreed at GATE A): app quit → clipboard vault restored (items=1 sha256=b1348553fec3 matches=true)
    → import flag deleted → relaunch 10:08:21: key for vercelAIGateway stored · key import imported ·
    launch provider=vercelAIGateway apiKeyPresent=true · keys/vercelAIGateway -rw------- · flag=1.
    Launch Adoption re-recorded the user's own clipboard item under the next free copy_sequence.
(e) Open at Login was on; Daniel set it off and on: 10:24:23 login item status notRegistered ·
    10:24:29 login item status enabled. No restart needed (SMAppService registers immediately).
(h) optional removal of the Keychain item from the superseded Keychain build left to Daniel;
    at close: security find-generic-password -s com.jevpaste.JevPaste.jev-provider-key exit 0 (still present).

## Cleanup
Chrome: own tab already closed at cleanup (not in the page list); no other tab touched.
Clipboard vault and its tool deleted from /tmp. MENU-53 row (seq 266) remains in history as a synthetic value.
