# Narrowing (#50) live proof — 2026-09-26, installed build of 568c96d (`make install` after Gate B), part 1 of 2:
# the non-Chrome cases (b) and (d), and their timing for (e). Chrome (a)/(c) wait for Chrome's remote-debugging consent
# sheet, which only Daniel answers (supervisor's instruction); nothing was clicked in Chrome.
# Procedure: clipboard vault saved (scripts/acceptance/clipboard-vault.swift, built to /tmp/jevpaste-acc); production
# app quit by pid; `make install`; `open ~/Applications/JevPaste.app --args --accept-signal-trigger`. Trigger helper
# /tmp/jevpaste-narrowing/press.sh = scripts/acceptance/press.sh with the installed app's pid (pgrep on
# `--accept-signal-trigger`, exactly one): pbcopy the fixture, gate on `lsappinfo front`, SIGUSR1 to that pid only,
# clipboard digest before/after (never contents). After the run: test instance quit by pid, clipboard restored from the
# vault BEFORE the normal relaunch (`open ~/Applications/JevPaste.app`, no trigger flag).
# Fixtures (synthetic, digests only): b1 = one line, a URL carrying the run's marker, trailing newline
#   (55 bytes, sha256 a344f878301311d8…); d1 = the run's marker on its own line + 3000 synthetic log lines, the
#   copy of StepPlannerTests.aCopyTooBigForOneCallIsStillPlannedAndSent (169409 bytes, sha256 4e46fe23aacbd145…).
# Helper output:
vault saved: items=1 sha256=7ea6389913d6…
start 2026-09-26 19:02:30; production pid 94182 quit; pgrep: none running
make install: exit 0 (installed ~/Applications/JevPaste.app from 568c96d, working tree clean)
launched: pid 367 ~/Applications/JevPaste.app/Contents/MacOS/JevPaste --accept-signal-trigger
(b) Herdr scratch tab created for this run (cwd /tmp), tab focused, Ghostty frontmost; gate: scratch pane focused=True,
    driving agent's pane focused=False
trigger USR1 pid=367 at 19:03:37.115 front=com.mitchellh.ghostty
clipboardSameBytes=true
(b) pane read (visible): promptHoldsWholeURL=True promptLineEndsWithURL=True notExecuted=True; then send-keys C-c;
    scratch tab closed after checking its label and id
(d) fresh TextEdit document made via osascript (1 document, 0 characters); TextEdit frontmost
trigger USR1 pid=367 at 19:04:10.970 front=com.apple.TextEdit
clipboardSameBytes=true
(d) document characters after: 0 (nothing inserted); document closed without saving
test instance 367 quit; pgrep: none running
clipboard restored from vault (before the relaunch): items=1 sha256=7ea6389913d6… matches=true
production relaunched: pid 1347 ~/Applications/JevPaste.app/Contents/MacOS/JevPaste (no trigger flag)
end 2026-09-26 19:04:31
# App log (log show --info --predicate 'subsystem == "jevpaste"', 19:02:45–19:04:40):
2026-09-26 19:02:51.550 Df JevPaste[367:2957abb] [jevpaste:Launch] launch apiKeyPresent=true
2026-09-26 19:02:51.579 Df JevPaste[367:2957abb] [jevpaste:Launch] grant check at launch trusted=true
2026-09-26 19:02:51.581 Df JevPaste[367:2957abb] [jevpaste:Launch] acceptance signal trigger on
2026-09-26 19:03:37.097 Df JevPaste[367:2957abb] [jevpaste:Launch] acceptance trigger (SIGUSR1)
2026-09-26 19:03:37.280 Df JevPaste[367:2957abb] [jevpaste:PasteAttempt] processing indicator shown
2026-09-26 19:03:38.209 I  JevPaste[367:2957fd1] [jevpaste:JevGateway] Jev answered status=200 questions=1 options=196 bytes=12487 in 1.091057583 seconds
2026-09-26 19:03:38.221 Df JevPaste[367:2957abb] [jevpaste:PasteAttempt] delivering indicator shown
2026-09-26 19:03:38.351 Df JevPaste[367:2957abb] [jevpaste:PasteAttempt] outcome inserted via=narrowing steps=1 calls=1 p=0.72 questions=1
2026-09-26 19:04:10.952 Df JevPaste[367:2957abb] [jevpaste:Launch] acceptance trigger (SIGUSR1)
2026-09-26 19:04:11.181 Df JevPaste[367:2957abb] [jevpaste:PasteAttempt] processing indicator shown
2026-09-26 19:04:12.749 I  JevPaste[367:2958613] [jevpaste:JevGateway] Jev refused the size status=400 questions=12 options=3037 bytes=385111 in 1.569508625 seconds
2026-09-26 19:04:12.749 Df JevPaste[367:2957abb] [jevpaste:PasteAttempt] outcome failed.tooLongForSmartPaste via=narrowing steps=1 calls=1 questions=12 full=1
2026-09-26 19:04:28.605 Df JevPaste[1347:295881f] [jevpaste:Launch] launch apiKeyPresent=true
2026-09-26 19:04:28.628 Df JevPaste[1347:295881f] [jevpaste:Launch] grant check at launch trusted=true
# Results, part 1:
# (b) Herdr shell prompt, a lone URL (copied with a trailing newline): Jev kept the whole copy at step 1 (1 call,
#     1 question, 196 options, p=0.72); the whole URL stands at the prompt, not executed (outer line break stripped).
#     via=narrowing steps=1 calls=1. ⌘⇧V → outcome 1.25 s (cold first call of the process: Jev 1.09 s).
# (d) 3000-line copy into a TextEdit document: one request of 12 full-text questions / 3037 options / 385111 bytes was
#     sent (no local size gate); Jev refused it with HTTP 400 max_tokens_exceeded → outcome
#     failed.tooLongForSmartPaste ("Too long for Smart Paste — ⌘V pastes it whole"), nothing inserted, clipboard
#     restored byte for byte. ⌘⇧V → outcome 1.80 s.
# (e) so far: every paste under 5 s (1.25 s, 1.80 s). The processing indicator came 183 ms / 229 ms after the trigger
#     (150 ms from the Bound Target; the 3000-line step's planning, ~72 ms in release, runs on the main actor first).
