A01_vorname                r0  A:HIT  B:HIT  calls=2  1787 ms place=one_part(0.17/0.83/0.00) 'Mira'(115)0.89 > keep(12)0.95 -> 'Mira'
A02_nachname               r0  A:HIT  B:HIT  calls=2   946 ms place=one_part(0.16/0.84/0.00) 'Holzner'(115)0.93 > keep(30)0.92 -> 'Holzner'
  429, waiting 48 s
  503, waiting 2 s
  503, waiting 4 s
  503, waiting 8 s
A03_strasse                r0  A:HIT  B:HIT  calls=3  1796 ms place=one_part(0.20/0.80/0.00) 'Prankergasse 77'(115)0.47 > 'Prankergasse'(17)0.75 > keep(76)0.69 -> 'Prankergasse'
  429, waiting 42 s
  503, waiting 4 s
A04_hausnummer             r0  A:MISS B:MISS calls=2  1093 ms place=one_part(0.32/0.67/0.01) '77'(115)0.86 > '7'(4)0.54 -> '7'
A05_adresszusatz           r0  A:HIT  B:HIT  calls=2  1027 ms place=one_part(0.17/0.83/0.00) 'Top 11'(115)0.82 > keep(8)0.58 -> 'Top 11'
A06_plz                    r0  A:HIT  B:HIT  calls=2  1172 ms place=one_part(0.19/0.81/0.00) '8020'(115)0.98 > keep(11)0.99 -> '8020'
  429, waiting 51 s
A07_ort                    r0  A:HIT  B:HIT  calls=2  1354 ms place=one_part(0.17/0.83/0.00) 'Graz'(115)0.97 > keep(12)0.72 -> 'Graz'
  429, waiting 60 s
  503, waiting 4 s
A08_land                   r0  A:HIT  B:HIT  calls=2   908 ms place=one_part(0.15/0.85/0.00) 'Österreich'(115)0.97 > keep(55)0.88 -> 'Österreich'
  503, waiting 2 s
A09_email                  r0  A:HIT  B:HIT  calls=2  1040 ms place=one_part(0.20/0.80/0.00) 'mira.holzner@examp'(115)0.93 > keep(34)0.99 -> 'mira.holzner@example.org'
  503, waiting 2 s
  503, waiting 4 s
  429, waiting 39 s
  429, waiting 60 s
  429, waiting 60 s
A10_website                r0  A:HIT  B:HIT  calls=2  1205 ms place=one_part(0.17/0.83/0.00) 'https://www.miraho'(115)0.89 > keep(55)0.89 -> 'https://www.miraholzner.example'
A11_telefon                r0  A:HIT  B:HIT  calls=2  1150 ms place=one_part(0.14/0.86/0.00) '06608405534'(115)0.97 > keep(63)0.75 -> '06608405534'
A12_strasse_hnr            r0  A:HIT  B:HIT  calls=2  1600 ms place=one_part(0.24/0.76/0.00) 'Prankergasse 77'(115)0.62 > keep(17)0.92 -> 'Prankergasse 77'
A13_passwort_NEG           r0  A:HIT  B:HIT  calls=1   816 ms place=nothing(0.07/0.02/0.91) nothing_fits(115)0.94 -> 'nothing'
A14_fax_NEG                r0  A:HIT  B:HIT  calls=1   718 ms place=nothing(0.30/0.04/0.66) nothing_fits(115)0.52 -> 'nothing'
  503, waiting 2 s
  429, waiting 50 s
  503, waiting 2 s
  429, waiting 56 s
S01_first_name             r0  A:HIT  B:HIT  calls=2  1329 ms place=one_part(0.19/0.81/0.00) 'Jonas'(186)0.92 > keep(17)0.54 -> 'Jonas'
S02_last_name              r0  A:HIT  B:HIT  calls=2  1083 ms place=one_part(0.18/0.82/0.00) 'Prell'(186)0.90 > keep(16)0.64 -> 'Prell'
S03_job_title              r0  A:HIT  B:HIT  calls=2  1092 ms place=one_part(0.14/0.86/0.00) 'Product Lead'(186)0.92 > keep(14)0.97 -> 'Product Lead'
  503, waiting 2 s
  503, waiting 4 s
  503, waiting 8 s
  429, waiting 39 s
  503, waiting 4 s
S04_phone                  r0  A:HIT  B:HIT  calls=3  2003 ms place=one_part(0.18/0.82/0.00) 'Phone +43 1 234567'(186)0.79 > '+43 1 2345678'(27)0.64 > keep(18)0.87 -> '+43 1 2345678'
  429, waiting 60 s
  429, waiting 60 s
S05_mobile                 r0  A:HIT  B:HIT  calls=2  1224 ms place=one_part(0.16/0.84/0.00) '+43 660 1112233'(186)0.93 > keep(18)0.90 -> '+43 660 1112233'
S06_email                  r0  A:HIT  B:HIT  calls=2  1055 ms place=one_part(0.14/0.86/0.00) 'jonas.prell@exampl'(186)0.97 > keep(35)0.99 -> 'jonas.prell@example.com'
  503, waiting 2 s
  503, waiting 4 s
  503, waiting 8 s
S07_website                r0  A:HIT  B:HIT  calls=2  1330 ms place=one_part(0.12/0.88/0.00) 'www.prell.example'(186)0.95 > keep(24)0.86 -> 'www.prell.example'
  429, waiting 33 s
  503, waiting 4 s
  429, waiting 60 s
  429, waiting 60 s
S08_iban                   r0  A:HIT  B:HIT  calls=3  1809 ms place=one_part(0.34/0.65/0.01) 'IBAN AT61 1904 300'(186)0.85 > 'AT61 1904 3002 345'(29)0.89 > keep(23)0.96 -> 'AT61 1904 3002 3457 3201'
S09_fax_NEG                r0  A:HIT  B:HIT  calls=1   643 ms place=nothing(0.04/0.01/0.95) nothing_fits(186)0.91 -> 'nothing'
R01_full_name              r0  A:HIT  B:HIT  calls=2  1275 ms place=one_part(0.10/0.90/0.00) 'Anna Reisinger'(7/3)0.94 > keep(16)0.96 -> 'Anna Reisinger'
  503, waiting 2 s
  503, waiting 4 s
R02_birthdate              r0  A:HIT  B:HIT  calls=2  1538 ms place=one_part(0.31/0.66/0.03) '14 March 1991'(53/3)0.65 > keep(12)0.93 -> '14 March 1991'
  503, waiting 2 s
  429, waiting 40 s
  429, waiting 60 s
R03_birthplace             r0  A:HIT  B:HIT  calls=2  1430 ms place=one_part(0.06/0.94/0.00) 'Linz'(25/3)0.95 > keep(12)0.98 -> 'Linz'
R04_nationality            r0  A:HIT  B:HIT  calls=2  1586 ms place=one_part(0.05/0.95/0.00) 'Austrian'(22/3)0.83 > keep(38)0.93 -> 'Austrian'
R05_about                  r0  A:HIT  B:HIT  calls=2  1306 ms place=one_part(0.23/0.77/0.00) 'Data engineer with'(72/3)0.47 > keep(255)0.85 -> 'Data engineer with eight years of experience build'
  503, waiting 2 s
  503, waiting 2 s
  503, waiting 4 s
  429, waiting 44 s
R06_country                r0  A:HIT  B:MISS calls=2  1413 ms place=nothing(0.25/0.26/0.49) 'Austria'(60/3)0.75 > keep(30)0.92 -> 'Austria'
  429, waiting 60 s
  429, waiting 60 s
